<html>
<body>
<pre>
<h1>µVision Build Log</h1>
<h2>Tool Versions:</h2>
IDE-Version: ¦ÌVision V5.40.0.0
Copyright (C) 2024 ARM Ltd and ARM Germany GmbH. All rights reserved.
License Information: pang Alex, YSU, LIC=47GU5-GL3YJ-Y88FK-ZEF98-73GT7-WGMRU
 
Tool Versions:
Toolchain:       MDK-ARM Plus  Version: 5.40.0.3
Toolchain Path:  D:\Keil_v5\ARM\ARMCC\Bin
C Compiler:      Armcc.exe V5.06 update 6 (build 750)
Assembler:       Armasm.exe V5.06 update 6 (build 750)
Linker/Locator:  ArmLink.exe V5.06 update 6 (build 750)
Library Manager: ArmAr.exe V5.06 update 6 (build 750)
Hex Converter:   FromElf.exe V5.06 update 6 (build 750)
CPU DLL:         SARMCM3.DLL V5.40.0.3
Dialog DLL:      DCM.DLL V1.17.5.0
Target DLL:      UL2CM3.DLL V1.164.11.0
Dialog DLL:      TCM.DLL V1.56.4.0
 
<h2>Project:</h2>
C:\Users\Alex\Desktop\STM32F411-FC\USER\FlightControl.uvprojx
Project File Date:  02/13/2026

<h2>Output:</h2>
*** Using Compiler 'V5.06 update 6 (build 750)', folder: 'D:\Keil_v5\ARM\ARMCC\Bin'
Rebuild target 'FC'
compiling stm32f4xx_cec.c...
compiling stm32f4xx_adc.c...
compiling stm32f4xx_dac.c...
compiling stm32f4xx_dfsdm.c...
compiling misc.c...
compiling stm32f4xx_dbgmcu.c...
compiling stm32f4xx_cryp_tdes.c...
compiling stm32f4xx_crc.c...
compiling stm32f4xx_can.c...
compiling stm32f4xx_dcmi.c...
compiling stm32f4xx_dma2d.c...
compiling stm32f4xx_cryp.c...
compiling stm32f4xx_cryp_aes.c...
compiling stm32f4xx_dma.c...
compiling stm32f4xx_cryp_des.c...
compiling stm32f4xx_dsi.c...
compiling stm32f4xx_exti.c...
compiling stm32f4xx_flash_ramfunc.c...
compiling stm32f4xx_iwdg.c...
compiling stm32f4xx_hash_md5.c...
compiling stm32f4xx_fmpi2c.c...
compiling stm32f4xx_lptim.c...
compiling stm32f4xx_flash.c...
compiling stm32f4xx_hash.c...
compiling stm32f4xx_gpio.c...
compiling stm32f4xx_qspi.c...
compiling stm32f4xx_i2c.c...
compiling stm32f4xx_ltdc.c...
compiling stm32f4xx_hash_sha1.c...
compiling stm32f4xx_pwr.c...
assembling startup_stm32f411xe.s...
compiling heap_4.c...
compiling stm32f4xx_rng.c...
compiling stm32f4xx_rcc.c...
compiling port.c...
compiling event_groups.c...
compiling stm32f4xx_syscfg.c...
compiling list.c...
compiling stm32f4xx_sdio.c...
compiling stm32f4xx_spi.c...
compiling stm32f4xx_it.c...
compiling stm32f4xx_wwdg.c...
compiling stm32f4xx_sai.c...
compiling system_stm32f4xx.c...
compiling queue.c...
compiling radioLink.c...
compiling stm32f4xx_spdifrx.c...
compiling stm32f4xx_tim.c...
compiling stm32f4xx_usart.c...
compiling atkpRx.c...
compiling stm32f4xx_rtc.c...
compiling timers.c...
compiling main.c...
main.c(53): warning:  #167-D: argument of type "void (*)(void)" is incompatible with parameter of type "TaskFunction_t"
  	xTaskCreate(radioLinkTask, "radioLink", 100, NULL, 6, NULL);
main.c(55): warning:  #167-D: argument of type "void (*)(void)" is incompatible with parameter of type "TaskFunction_t"
  	xTaskCreate(atkpRxTask, "atkpRx", 100, NULL, 5, NULL);
main.c(57): warning:  #167-D: argument of type "void (*)(void)" is incompatible with parameter of type "TaskFunction_t"
  	xTaskCreate(stabilizerTask, "stabilizer", 100, NULL, 4, NULL);
main.c(59): warning:  #167-D: argument of type "void (*)(void)" is incompatible with parameter of type "TaskFunction_t"
  	xTaskCreate(atkpTxTask, "atkpTx", 100, NULL, 3, NULL);
main.c(99): warning:  #177-D: function "Delay"  was declared but never referenced
  void Delay(__IO uint32_t nTime)
main.c: 5 warnings, 0 errors
compiling atkpTx.c...
compiling stabilizer.c...
compiling community.c...
compiling tasks.c...
compiling UART2.c...
..\DRIVER\UART2.c(13): warning:  #177-D: variable "g_txBuffer"  was declared but never referenced
  static uint8_t g_txBuffer[UART2_TX_BUFFER_SIZE];
..\DRIVER\UART2.c: 1 warning, 0 errors
compiling MPU9250.c...
compiling BMP280.c...
..\DRIVER\BMP280.c(176): warning:  #223-D: function "pow" declared implicitly
      altitude = 44330.0f * (1.0f - pow(pressure * 100.0f / BMP280_PRESSURE_SEA_LEVEL, 1.0f / 5.255f));
..\DRIVER\BMP280.c: 1 warning, 0 errors
compiling I2C.c...
linking...
Program Size: Code=6996 RO-data=440 RW-data=124 ZI-data=18620  
"..\OBJ\FlightControl.axf" - 0 Error(s), 7 Warning(s).

<h2>Software Packages used:</h2>

Package Vendor: Keil
                https://www.keil.com/pack/Keil.STM32F4xx_DFP.3.1.1.pack
                Keil::STM32F4xx_DFP@3.1.1
                STMicroelectronics STM32F4 Series Device Support

<h2>Collection of Component include folders:</h2>

<h2>Collection of Component Files used:</h2>
Build Time Elapsed:  00:00:03
</pre>
</body>
</html>
